synerzip@ULTP-348:~/Desktop/Practice/Python/Day_13$ python3 function.py
> /home/synerzip/Desktop/Practice/Python/Day_13/function.py(7)<module>()
-> my_function = print_a_message
(Pdb) l
  2
  3
  4     def print_a_message():
  5         print("Hello World")
  6     pdb.set_trace()
  7  -> my_function = print_a_message
  8     my_function()
[EOF]
(Pdb) my_function
*** NameError: name 'my_function' is not defined
(Pdb) n
> /home/synerzip/Desktop/Practice/Python/Day_13/function.py(8)<module>()
-> my_function()
(Pdb) l
  3
  4     def print_a_message():
  5         print("Hello World")
  6     pdb.set_trace()
  7     my_function = print_a_message
  8  -> my_function()
[EOF]
(Pdb) my_function
<function print_a_message at 0x7fce1d0772f0>
(Pdb) my_function()
Hello World
(Pdb)