synerzip@ULTP-348:~/Desktop/Practice/Python$ cd Day_13
synerzip@ULTP-348:~/Desktop/Practice/Python/Day_13$ ls
function.py
synerzip@ULTP-348:~/Desktop/Practice/Python/Day_13$ python3 function.py
Hello World
synerzip@ULTP-348:~/Desktop/Practice/Python/Day_13$ python3 function.py
> /home/synerzip/Desktop/Practice/Python/Day_13/function.py(4)<module>()
-> my_function = print_a_message
(Pdb) n
--Return--
> /home/synerzip/Desktop/Practice/Python/Day_13/function.py(4)<module>()->None
-> my_function = print_a_message
(Pdb) n
synerzip@ULTP-348:~/Desktop/Practice/Python/Day_13$ python3 function.py
> /home/synerzip/Desktop/Practice/Python/Day_13/function.py(5)<module>()
-> my_function = print_a_message
(Pdb)
Traceback (most recent call last):
  File "function.py", line 5, in <module>
    my_function = print_a_message
  File "function.py", line 5, in <module>
    my_function = print_a_message
  File "/usr/lib/python3.5/bdb.py", line 48, in trace_dispatch
    return self.dispatch_line(frame)
  File "/usr/lib/python3.5/bdb.py", line 67, in dispatch_line
    if self.quitting: raise BdbQuit
bdb.BdbQuit
synerzip@ULTP-348:~/Desktop/Practice/Python/Day_13$ pip install pep8
Collecting pep8
  Using cached https://files.pythonhosted.org/packages/42/3f/669429ce58de2c22d8d2c542752e137ec4b9885fff398d3eceb1a7f5acb4/pep8-1.7.1-py2.py3-none-any.whl
Installing collected packages: pep8
Could not install packages due to an EnvironmentError: [Errno 13] Permission denied: '/usr/local/lib/python2.7/dist-packages/pep8.py'
Consider using the `--user` option or check the permissions.

synerzip@ULTP-348:~/Desktop/Practice/Python/Day_13$ pip3 install pep8
Collecting pep8
  Downloading https://files.pythonhosted.org/packages/42/3f/669429ce58de2c22d8d2c542752e137ec4b9885fff398d3eceb1a7f5acb4/pep8-1.7.1-py2.py3-none-any.whl (41kB)
    100% |████████████████████████████████| 51kB 363kB/s
Installing collected packages: pep8
Successfully installed pep8-1.7.1
You are using pip version 8.1.1, however version 18.1 is available.
You should consider upgrading via the 'pip install --upgrade pip' command.
synerzip@ULTP-348:~/Desktop/Practice/Python/Day_13$ pep8 function.py
/home/synerzip/.local/lib/python3.5/site-packages/pep8.py:2124: UserWarning:

pep8 has been renamed to pycodestyle (GitHub issue #466)
Use of the pep8 tool will be removed in a future release.
Please install and use `pycodestyle` instead.

$ pip install pycodestyle
$ pycodestyle ...

  '\n\n'
function.py:4:1: E402 module level import not at top of file
function.py:4:11: E702 multiple statements on one line (semicolon)
function.py:5:30: W292 no newline at end of file
synerzip@ULTP-348:~/Desktop/Practice/Python/Day_13$ pep8 function.py
/home/synerzip/.local/lib/python3.5/site-packages/pep8.py:2124: UserWarning:

pep8 has been renamed to pycodestyle (GitHub issue #466)
Use of the pep8 tool will be removed in a future release.
Please install and use `pycodestyle` instead.

$ pip install pycodestyle
$ pycodestyle ...

  '\n\n'
function.py:4:1: E402 module level import not at top of file
function.py:4:11: W291 trailing whitespace
function.py:6:30: W292 no newline at end of file
synerzip@ULTP-348:~/Desktop/Practice/Python/Day_13$ pep8 function.py
/home/synerzip/.local/lib/python3.5/site-packages/pep8.py:2124: UserWarning:

pep8 has been renamed to pycodestyle (GitHub issue #466)
Use of the pep8 tool will be removed in a future release.
Please install and use `pycodestyle` instead.

$ pip install pycodestyle
$ pycodestyle ...

  '\n\n'
function.py:1:11: W291 trailing whitespace
function.py:3:1: E302 expected 2 blank lines, found 1
function.py:7:30: W292 no newline at end of file
synerzip@ULTP-348:~/Desktop/Practice/Python/Day_13$ pep8 function.py
/home/synerzip/.local/lib/python3.5/site-packages/pep8.py:2124: UserWarning:

pep8 has been renamed to pycodestyle (GitHub issue #466)
Use of the pep8 tool will be removed in a future release.
Please install and use `pycodestyle` instead.

$ pip install pycodestyle
$ pycodestyle ...

  '\n\n'
function.py:1:11: W291 trailing whitespace
function.py:2:1: E302 expected 2 blank lines, found 0
function.py:5:30: W292 no newline at end of file
synerzip@ULTP-348:~/Desktop/Practice/Python/Day_13$ pep8 function.py
/home/synerzip/.local/lib/python3.5/site-packages/pep8.py:2124: UserWarning:

pep8 has been renamed to pycodestyle (GitHub issue #466)
Use of the pep8 tool will be removed in a future release.
Please install and use `pycodestyle` instead.

$ pip install pycodestyle
$ pycodestyle ...

  '\n\n'
function.py:1:11: W291 trailing whitespace
function.py:2:1: E302 expected 2 blank lines, found 0
function.py:4:1: W293 blank line contains whitespace
function.py:6:30: W292 no newline at end of file
synerzip@ULTP-348:~/Desktop/Practice/Python/Day_13$ pep8 function.py
/home/synerzip/.local/lib/python3.5/site-packages/pep8.py:2124: UserWarning:

pep8 has been renamed to pycodestyle (GitHub issue #466)
Use of the pep8 tool will be removed in a future release.
Please install and use `pycodestyle` instead.

$ pip install pycodestyle
$ pycodestyle ...

  '\n\n'
function.py:1:11: W291 trailing whitespace
function.py:8:30: W292 no newline at end of file
synerzip@ULTP-348:~/Desktop/Practice/Python/Day_13$ pep8 function.py
/home/synerzip/.local/lib/python3.5/site-packages/pep8.py:2124: UserWarning:

pep8 has been renamed to pycodestyle (GitHub issue #466)
Use of the pep8 tool will be removed in a future release.
Please install and use `pycodestyle` instead.

$ pip install pycodestyle
$ pycodestyle ...

  '\n\n'
function.py:1:11: W291 trailing whitespace
function.py:7:30: W292 no newline at end of file
synerzip@ULTP-348:~/Desktop/Practice/Python/Day_13$ pep8 function.py
/home/synerzip/.local/lib/python3.5/site-packages/pep8.py:2124: UserWarning:

pep8 has been renamed to pycodestyle (GitHub issue #466)
Use of the pep8 tool will be removed in a future release.
Please install and use `pycodestyle` instead.

$ pip install pycodestyle
$ pycodestyle ...

  '\n\n'
function.py:1:11: W291 trailing whitespace
function.py:3:1: E302 expected 2 blank lines, found 1
function.py:6:30: W292 no newline at end of file
synerzip@ULTP-348:~/Desktop/Practice/Python/Day_13$ pep8 function.py
/home/synerzip/.local/lib/python3.5/site-packages/pep8.py:2124: UserWarning:

pep8 has been renamed to pycodestyle (GitHub issue #466)
Use of the pep8 tool will be removed in a future release.
Please install and use `pycodestyle` instead.

$ pip install pycodestyle
$ pycodestyle ...

  '\n\n'
function.py:7:30: W292 no newline at end of file
synerzip@ULTP-348:~/Desktop/Practice/Python/Day_13$ pep8 function.py
/home/synerzip/.local/lib/python3.5/site-packages/pep8.py:2124: UserWarning:

pep8 has been renamed to pycodestyle (GitHub issue #466)
Use of the pep8 tool will be removed in a future release.
Please install and use `pycodestyle` instead.

$ pip install pycodestyle
$ pycodestyle ...

  '\n\n'
synerzip@ULTP-348:~/Desktop/Practice/Python/Day_13$