--Call--
> /home/synerzip/Desktop/Practice/Python/Day_13/variable_args.py(6)print_kwargs()
-> def print_kwargs(**kwargs):
(Pdb) mylist = ["one", "two", "three"]
(Pdb) print_kwargs(mylist)
*** TypeError: print_kwargs() takes 0 positional arguments but 1 was given
(Pdb) print_kwargs(mylist[0], mylist[1], mylist[2])
*** TypeError: print_kwargs() takes 0 positional arguments but 3 were given
(Pdb) print_args(mylist[0], mylist[1], mylist[2])
one
two
three
(Pdb) mydict = {"name":"Jane" "surname":"Smith" }
*** SyntaxError: invalid syntax
(Pdb) mydict = {"name":"Jane", "surname":"Smith"}
(Pdb) print_kwargs(mydict)
*** TypeError: print_kwargs() takes 0 positional arguments but 1 was given
(Pdb) print_kwargs(name=mydict["name"], surname=mydict["surname"])
name: Jane
surname: Smith
(Pdb) print_kwargs(**mydict)
name: Jane
surname: Smith
(Pdb)
Traceback (most recent call last):
  File "variable_args.py", line 14, in <module>
    print_kwargs(name="Jane", surname="Doe")
  File "variable_args.py", line 6, in print_kwargs
    def print_kwargs(**kwargs):
  File "/usr/lib/python3.5/bdb.py", line 50, in trace_dispatch
    return self.dispatch_call(frame, arg)
  File "/usr/lib/python3.5/bdb.py", line 83, in dispatch_call
    if self.quitting: raise BdbQuit
bdb.BdbQuit
synerzip@ULTP-348:~/Desktop/Practice/Python/Day_13$ pep8 decorators.py
/home/synerzip/.local/lib/python3.5/site-packages/pep8.py:2124: UserWarning:

pep8 has been renamed to pycodestyle (GitHub issue #466)
Use of the pep8 tool will be removed in a future release.
Please install and use `pycodestyle` instead.

$ pip install pycodestyle
$ pycodestyle ...

  '\n\n'
synerzip@ULTP-348:~/Desktop/Practice/Python/Day_13$ python3 de
decorators.py          default_parameters.py
synerzip@ULTP-348:~/Desktop/Practice/Python/Day_13$ pep8 decorators.py
/home/synerzip/.local/lib/python3.5/site-packages/pep8.py:2124: UserWarning:

pep8 has been renamed to pycodestyle (GitHub issue #466)
Use of the pep8 tool will be removed in a future release.
Please install and use `pycodestyle` instead.

$ pip install pycodestyle
$ pycodestyle ...

  '\n\n'
decorators.py:4:80: E501 line too long (136 > 79 characters)
decorators.py:10:1: E302 expected 2 blank lines, found 1
decorators.py:14:1: E402 module level import not at top of file
decorators.py:14:11: E702 multiple statements on one line (semicolon)
decorators.py:17:31: W292 no newline at end of file
synerzip@ULTP-348:~/Desktop/Practice/Python/Day_13$ pep8 decorators.py
/home/synerzip/.local/lib/python3.5/site-packages/pep8.py:2124: UserWarning:

pep8 has been renamed to pycodestyle (GitHub issue #466)
Use of the pep8 tool will be removed in a future release.
Please install and use `pycodestyle` instead.

$ pip install pycodestyle
$ pycodestyle ...

  '\n\n'
decorators.py:4:80: E501 line too long (136 > 79 characters)
decorators.py:15:1: E402 module level import not at top of file
decorators.py:15:11: E702 multiple statements on one line (semicolon)
synerzip@ULTP-348:~/Desktop/Practice/Python/Day_13$ pep8 decorators.py
/home/synerzip/.local/lib/python3.5/site-packages/pep8.py:2124: UserWarning:

pep8 has been renamed to pycodestyle (GitHub issue #466)
Use of the pep8 tool will be removed in a future release.
Please install and use `pycodestyle` instead.

$ pip install pycodestyle
$ pycodestyle ...

  '\n\n'
decorators.py:5:80: E501 line too long (81 > 79 characters)
decorators.py:16:1: E402 module level import not at top of file
decorators.py:16:11: E702 multiple statements on one line (semicolon)
synerzip@ULTP-348:~/Desktop/Practice/Python/Day_13$ pep8 decorators.py
/home/synerzip/.local/lib/python3.5/site-packages/pep8.py:2124: UserWarning:

pep8 has been renamed to pycodestyle (GitHub issue #466)
Use of the pep8 tool will be removed in a future release.
Please install and use `pycodestyle` instead.

$ pip install pycodestyle
$ pycodestyle ...

  '\n\n'
decorators.py:6:9: E122 continuation line missing indentation or outdented
decorators.py:17:1: E402 module level import not at top of file
decorators.py:17:11: E702 multiple statements on one line (semicolon)
synerzip@ULTP-348:~/Desktop/Practice/Python/Day_13$ pep8 decorators.py
/home/synerzip/.local/lib/python3.5/site-packages/pep8.py:2124: UserWarning:

pep8 has been renamed to pycodestyle (GitHub issue #466)
Use of the pep8 tool will be removed in a future release.
Please install and use `pycodestyle` instead.

$ pip install pycodestyle
$ pycodestyle ...

  '\n\n'
decorators.py:17:1: E402 module level import not at top of file
decorators.py:17:11: E702 multiple statements on one line (semicolon)
synerzip@ULTP-348:~/Desktop/Practice/Python/Day_13$ python3 decorators.py
> /home/synerzip/Desktop/Practice/Python/Day_13/decorators.py(18)<module>()
-> print_a_message = log(print_a_message)
(Pdb) print_a_message
<function print_a_message at 0x7fad8a1fd730>
(Pdb) s
--Call--
> /home/synerzip/Desktop/Practice/Python/Day_13/decorators.py(2)log()
-> def log(orignal_function):
(Pdb) a
orignal_function = <function print_a_message at 0x7fad8a1fd730>
(Pdb) n
> /home/synerzip/Desktop/Practice/Python/Day_13/decorators.py(3)log()
-> def new_function(*args, **kwargs):
(Pdb) n
> /home/synerzip/Desktop/Practice/Python/Day_13/decorators.py(9)log()
-> return new_function
(Pdb) new_function
<function log.<locals>.new_function at 0x7fad8a1fd7b8>
(Pdb) n
--Return--
> /home/synerzip/Desktop/Practice/Python/Day_13/decorators.py(9)log()-><function log...x7fad8a1fd7b8>
-> return new_function
(Pdb) n
> /home/synerzip/Desktop/Practice/Python/Day_13/decorators.py(20)<module>()
-> print_a_message("Hello World")
(Pdb) print_a_message
<function log.<locals>.new_function at 0x7fad8a1fd7b8>
(Pdb) s
--Call--
> /home/synerzip/Desktop/Practice/Python/Day_13/decorators.py(3)new_function()
-> def new_function(*args, **kwargs):
(Pdb) n
> /home/synerzip/Desktop/Practice/Python/Day_13/decorators.py(4)new_function()
-> print("Function %s called with positional arguments %s\
(Pdb) a
args = ('Hello World',)
kwargs = {}
(Pdb) orignal_function
<function print_a_message at 0x7fad8a1fd730>
(Pdb) dir(orignal_function)
['__annotations__', '__call__', '__class__', '__closure__', '__code__', '__defaults__', '__delattr__', '__dict__', '__dir__', '__doc__', '__eq__', '__format__', '__ge__', '__get__', '__getattribute__', '__globals__', '__gt__', '__hash__', '__init__', '__kwdefaults__', '__le__', '__lt__', '__module__', '__name__', '__ne__', '__new__', '__qualname__', '__reduce__', '__reduce_ex__', '__repr__', '__setattr__', '__sizeof__', '__str__', '__subclasshook__']
(Pdb) orignal_function.__name__
'print_a_message'
(Pdb) n
> /home/synerzip/Desktop/Practice/Python/Day_13/decorators.py(5)new_function()
-> and keyword arguments %s.\n" % (
(Pdb) n
> /home/synerzip/Desktop/Practice/Python/Day_13/decorators.py(6)new_function()
-> orignal_function.__name__, args, kwargs))
(Pdb) n
Function print_a_message called with positional arguments ('Hello World',)        and keyword arguments {}.

> /home/synerzip/Desktop/Practice/Python/Day_13/decorators.py(8)new_function()
-> return orignal_function(*args, **kwargs)
(Pdb) s
--Call--
> /home/synerzip/Desktop/Practice/Python/Day_13/decorators.py(13)print_a_message()
-> def print_a_message(message):
(Pdb) a
message = 'Hello World'
(Pdb) n
> /home/synerzip/Desktop/Practice/Python/Day_13/decorators.py(14)print_a_message()
-> print(message)
(Pdb) n
Hello World
--Return--
> /home/synerzip/Desktop/Practice/Python/Day_13/decorators.py(14)print_a_message()->None
-> print(message)
(Pdb) n
--Return--
> /home/synerzip/Desktop/Practice/Python/Day_13/decorators.py(8)new_function()->None
-> return orignal_function(*args, **kwargs)
(Pdb) n
--Return--
> /home/synerzip/Desktop/Practice/Python/Day_13/decorators.py(20)<module>()->None
-> print_a_message("Hello World")
(Pdb) n
synerzip@ULTP-348:~/Desktop/Practice/Python/Day_13$ python3 decorators.py
> /home/synerzip/Desktop/Practice/Python/Day_13/decorators.py(21)<module>()
-> print_a_message("Hello World")
(Pdb) s
--Call--
> /home/synerzip/Desktop/Practice/Python/Day_13/decorators.py(3)new_function()
-> def new_function(*args, **kwargs):
(Pdb) a
args = ('Hello World',)
kwargs = {}
(Pdb) l
  1     # we define a decorator
  2     def log(orignal_function):
  3  ->     def new_function(*args, **kwargs):
  4             print("Function %s called with positional arguments %s\
  5             and keyword arguments %s.\n" % (
  6                 orignal_function.__name__, args, kwargs))
  7
  8             return orignal_function(*args, **kwargs)
  9         return new_function
 10
 11
(Pdb) n
> /home/synerzip/Desktop/Practice/Python/Day_13/decorators.py(4)new_function()
-> print("Function %s called with positional arguments %s\
(Pdb) n
> /home/synerzip/Desktop/Practice/Python/Day_13/decorators.py(5)new_function()
-> and keyword arguments %s.\n" % (
(Pdb) n
> /home/synerzip/Desktop/Practice/Python/Day_13/decorators.py(6)new_function()
-> orignal_function.__name__, args, kwargs))
(Pdb) n
Function print_a_message called with positional arguments ('Hello World',)        and keyword arguments {}.

> /home/synerzip/Desktop/Practice/Python/Day_13/decorators.py(8)new_function()
-> return orignal_function(*args, **kwargs)
(Pdb) s
--Call--
> /home/synerzip/Desktop/Practice/Python/Day_13/decorators.py(13)print_a_message()
-> @log
(Pdb) n
> /home/synerzip/Desktop/Practice/Python/Day_13/decorators.py(15)print_a_message()
-> print(message)
(Pdb) l
 10
 11
 12     # here is function to decorate
 13     @log
 14     def print_a_message(message):
 15  ->     print(message)
 16
 17     # and here is how we decorate it
 18     import pdb; pdb.set_trace()
 19     # print_a_message = log(print_a_message)
 20
(Pdb) n
Hello World
--Return--
> /home/synerzip/Desktop/Practice/Python/Day_13/decorators.py(15)print_a_message()->None
-> print(message)
(Pdb) n
--Return--
> /home/synerzip/Desktop/Practice/Python/Day_13/decorators.py(8)new_function()->None
-> return orignal_function(*args, **kwargs)
(Pdb) n
--Return--
> /home/synerzip/Desktop/Practice/Python/Day_13/decorators.py(21)<module>()->None
-> print_a_message("Hello World")
(Pdb) n
synerzip@ULTP-348:~/Desktop/Practice/Python/Day_13$ cd ..
synerzip@ULTP-348:~/Desktop/Practice/Python$ cd Day_15
synerzip@ULTP-348:~/Desktop/Practice/Python/Day_15$ ls
class_demo.py
synerzip@ULTP-348:~/Desktop/Practice/Python/Day_15$ pep8 class_demo.py
/home/synerzip/.local/lib/python3.5/site-packages/pep8.py:2124: UserWarning:

pep8 has been renamed to pycodestyle (GitHub issue #466)
Use of the pep8 tool will be removed in a future release.
Please install and use `pycodestyle` instead.

$ pip install pycodestyle
$ pycodestyle ...

  '\n\n'
class_demo.py:14:29: W292 no newline at end of file
synerzip@ULTP-348:~/Desktop/Practice/Python/Day_15$ pep8 class_demo.py
/home/synerzip/.local/lib/python3.5/site-packages/pep8.py:2124: UserWarning:

pep8 has been renamed to pycodestyle (GitHub issue #466)
Use of the pep8 tool will be removed in a future release.
Please install and use `pycodestyle` instead.

$ pip install pycodestyle
$ pycodestyle ...

  '\n\n'
class_demo.py:14:29: W292 no newline at end of file
synerzip@ULTP-348:~/Desktop/Practice/Python/Day_15$ pep8 class_demo.py
/home/synerzip/.local/lib/python3.5/site-packages/pep8.py:2124: UserWarning:

pep8 has been renamed to pycodestyle (GitHub issue #466)
Use of the pep8 tool will be removed in a future release.
Please install and use `pycodestyle` instead.

$ pip install pycodestyle
$ pycodestyle ...

  '\n\n'
synerzip@ULTP-348:~/Desktop/Practice/Python/Day_15$ python3 class_demo.py
> /home/synerzip/Desktop/Practice/Python/Day_15/class_demo.py(15)<module>()
-> print(peraon_object.name)
(Pdb)
Traceback (most recent call last):
  File "class_demo.py", line 15, in <module>
    print(peraon_object.name)
  File "class_demo.py", line 15, in <module>
    print(peraon_object.name)
  File "/usr/lib/python3.5/bdb.py", line 48, in trace_dispatch
    return self.dispatch_line(frame)
  File "/usr/lib/python3.5/bdb.py", line 67, in dispatch_line
    if self.quitting: raise BdbQuit
bdb.BdbQuit
synerzip@ULTP-348:~/Desktop/Practice/Python/Day_15$ python3 class_demo.py
> /home/synerzip/Desktop/Practice/Python/Day_15/class_demo.py(9)<module>()
-> peraon_object = Person(
(Pdb)
Traceback (most recent call last):
  File "class_demo.py", line 9, in <module>
    person_object = Person(
  File "class_demo.py", line 9, in <module>
    person_object = Person(
  File "/usr/lib/python3.5/bdb.py", line 48, in trace_dispatch
    return self.dispatch_line(frame)
  File "/usr/lib/python3.5/bdb.py", line 67, in dispatch_line
    if self.quitting: raise BdbQuit
bdb.BdbQuit
synerzip@ULTP-348:~/Desktop/Practice/Python/Day_15$ pep8 class_demo.py
/home/synerzip/.local/lib/python3.5/site-packages/pep8.py:2124: UserWarning:

pep8 has been renamed to pycodestyle (GitHub issue #466)
Use of the pep8 tool will be removed in a future release.
Please install and use `pycodestyle` instead.

$ pip install pycodestyle
$ pycodestyle ...

  '\n\n'
class_demo.py:8:1: E402 module level import not at top of file
class_demo.py:8:11: E702 multiple statements on one line (semicolon)
synerzip@ULTP-348:~/Desktop/Practice/Python/Day_15$ python3 class_demo.py
> /home/synerzip/Desktop/Practice/Python/Day_15/class_demo.py(9)<module>()
-> person_object = Person(
(Pdb) s
> /home/synerzip/Desktop/Practice/Python/Day_15/class_demo.py(10)<module>()
-> "Mr",
(Pdb) n
> /home/synerzip/Desktop/Practice/Python/Day_15/class_demo.py(11)<module>()
-> "John",
(Pdb) n
> /home/synerzip/Desktop/Practice/Python/Day_15/class_demo.py(12)<module>()
-> "Smith"
(Pdb) s
--Call--
> /home/synerzip/Desktop/Practice/Python/Day_15/class_demo.py(3)__init__()
-> def __init__(self, title, name, surname):
(Pdb) a
self = <__main__.Person object at 0x7f6b48e0bc50>
title = 'Mr'
name = 'John'
surname = 'Smith'
(Pdb) n
> /home/synerzip/Desktop/Practice/Python/Day_15/class_demo.py(4)__init__()
-> self.title = title
(Pdb) self
<__main__.Person object at 0x7f6b48e0bc50>
(Pdb) dir(self)
['__class__', '__delattr__', '__dict__', '__dir__', '__doc__', '__eq__', '__format__', '__ge__', '__getattribute__', '__gt__', '__hash__', '__init__', '__le__', '__lt__', '__module__', '__ne__', '__new__', '__reduce__', '__reduce_ex__', '__repr__', '__setattr__', '__sizeof__', '__str__', '__subclasshook__', '__weakref__']
(Pdb) n
> /home/synerzip/Desktop/Practice/Python/Day_15/class_demo.py(5)__init__()
-> self.name = name
(Pdb) dir(self)
['__class__', '__delattr__', '__dict__', '__dir__', '__doc__', '__eq__', '__format__', '__ge__', '__getattribute__', '__gt__', '__hash__', '__init__', '__le__', '__lt__', '__module__', '__ne__', '__new__', '__reduce__', '__reduce_ex__', '__repr__', '__setattr__', '__sizeof__', '__str__', '__subclasshook__', '__weakref__', 'title']
(Pdb) self.title
'Mr'
(Pdb) n
> /home/synerzip/Desktop/Practice/Python/Day_15/class_demo.py(6)__init__()
-> self.surname = surname
(Pdb) n
--Return--
> /home/synerzip/Desktop/Practice/Python/Day_15/class_demo.py(6)__init__()->None
-> self.surname = surname
(Pdb) self
<__main__.Person object at 0x7f6b48e0bc50>
(Pdb) person_object
*** NameError: name 'person_object' is not defined
(Pdb) n
> /home/synerzip/Desktop/Practice/Python/Day_15/class_demo.py(15)<module>()
-> print(person_object.name)
(Pdb) person_object
<__main__.Person object at 0x7f6b48e0bc50>
(Pdb) get_attr
*** NameError: name 'get_attr' is not defined
(Pdb) getattr
<built-in function getattr>
(Pdb) getattr(person_object, "name")
'John'
(Pdb) getattr(person_object, "title1")
*** AttributeError: 'Person' object has no attribute 'title1'
(Pdb) hasattr(person_object, "title1")
False
(Pdb) setattr(person_object, "phone", "1234567890")
(Pdb) self
*** NameError: name 'self' is not defined
(Pdb) hasattr(person_object, "phone")
True
(Pdb)
Traceback (most recent call last):
  File "class_demo.py", line 15, in <module>

  File "class_demo.py", line 15, in <module>

  File "/usr/lib/python3.5/bdb.py", line 48, in trace_dispatch
    return self.dispatch_line(frame)
  File "/usr/lib/python3.5/bdb.py", line 67, in dispatch_line
    if self.quitting: raise BdbQuit
bdb.BdbQuit
synerzip@ULTP-348:~/Desktop/Practice/Python/Day_15$ pep8 class_demo.py
/home/synerzip/.local/lib/python3.5/site-packages/pep8.py:2124: UserWarning:

pep8 has been renamed to pycodestyle (GitHub issue #466)
Use of the pep8 tool will be removed in a future release.
Please install and use `pycodestyle` instead.

$ pip install pycodestyle
$ pycodestyle ...

  '\n\n'
class_demo.py:9:24: E231 missing whitespace after ','
class_demo.py:22:1: E402 module level import not at top of file
class_demo.py:22:11: E702 multiple statements on one line (semicolon)
synerzip@ULTP-348:~/Desktop/Practice/Python/Day_15$ pep8 class_demo.py
/home/synerzip/.local/lib/python3.5/site-packages/pep8.py:2124: UserWarning:

pep8 has been renamed to pycodestyle (GitHub issue #466)
Use of the pep8 tool will be removed in a future release.
Please install and use `pycodestyle` instead.

$ pip install pycodestyle
$ pycodestyle ...

  '\n\n'
class_demo.py:22:1: E402 module level import not at top of file
class_demo.py:22:11: E702 multiple statements on one line (semicolon)
synerzip@ULTP-348:~/Desktop/Practice/Python/Day_15$ python3 class_demo.py
> /home/synerzip/Desktop/Practice/Python/Day_15/class_demo.py(23)<module>()
-> print(person_object.name)
(Pdb) b 9
Breakpoint 1 at /home/synerzip/Desktop/Practice/Python/Day_15/class_demo.py:9
(Pdb) l
 18         "John",
 19         "Smith"
 20     )
 21
 22     import pdb; pdb.set_trace()
 23  -> print(person_object.name)
 24     print(person_object.surname)
[EOF]
(Pdb) person_object.fullname
<bound method Person.fullname of <__main__.Person object at 0x7f1893f9bbe0>>
(Pdb) person_object.fullname()
'John Smith'
(Pdb) person_object.fullname()
'John Smith'
(Pdb) c
John
Smith
synerzip@ULTP-348:~/Desktop/Practice/Python/Day_15$ python3 class_demo.py
> /home/synerzip/Desktop/Practice/Python/Day_15/class_demo.py(23)<module>()
-> print(person_object.name)
(Pdb) n
John
> /home/synerzip/Desktop/Practice/Python/Day_15/class_demo.py(24)<module>()
-> print(person_object.surname)
(Pdb) n
Smith
> /home/synerzip/Desktop/Practice/Python/Day_15/class_demo.py(25)<module>()
-> print(person_object.fullname())
(Pdb) s
--Call--
> /home/synerzip/Desktop/Practice/Python/Day_15/class_demo.py(8)fullname()
-> def fullname(self):
(Pdb) dir(self)
['__class__', '__delattr__', '__dict__', '__dir__', '__doc__', '__eq__', '__format__', '__ge__', '__getattribute__', '__gt__', '__hash__', '__init__', '__le__', '__lt__', '__module__', '__ne__', '__new__', '__reduce__', '__reduce_ex__', '__repr__', '__setattr__', '__sizeof__', '__str__', '__subclasshook__', '__weakref__', 'fullname', 'name', 'surname', 'title']
(Pdb) n
> /home/synerzip/Desktop/Practice/Python/Day_15/class_demo.py(9)fullname()
-> if hasattr(self, "_fullname"):
(Pdb) n
> /home/synerzip/Desktop/Practice/Python/Day_15/class_demo.py(11)fullname()
-> fullname = "%s %s" % (self.name, self.surname)
(Pdb) n
> /home/synerzip/Desktop/Practice/Python/Day_15/class_demo.py(12)fullname()
-> self._fullname = fullname
(Pdb) n
> /home/synerzip/Desktop/Practice/Python/Day_15/class_demo.py(13)fullname()
-> return fullname
(Pdb) n
--Return--
> /home/synerzip/Desktop/Practice/Python/Day_15/class_demo.py(13)fullname()->'John Smith'
-> return fullname
(Pdb) person_object.fullname
<bound method Person.fullname of <__main__.Person object at 0x7f057c5a1be0>>
(Pdb) person_object.fullname()
'John Smith'
(Pdb) person_object2 = ("Mr", "Shashank", "Gaikwad")
(Pdb) dir(person_object2)
['__add__', '__class__', '__contains__', '__delattr__', '__dir__', '__doc__', '__eq__', '__format__', '__ge__', '__getattribute__', '__getitem__', '__getnewargs__', '__gt__', '__hash__', '__init__', '__iter__', '__le__', '__len__','__lt__', '__mul__', '__ne__', '__new__', '__reduce__', '__reduce_ex__', '__repr__', '__rmul__', '__setattr__', '__sizeof__', '__str__', '__subclasshook__', 'count', 'index']
(Pdb) c
John Smith
synerzip@ULTP-348:~/Desktop/Practice/Python/Day_15$ python3 class_demo.py
> /home/synerzip/Desktop/Practice/Python/Day_15/class_demo.py(27)<module>()
-> print(person_object.name)
(Pdb) n
John
> /home/synerzip/Desktop/Practice/Python/Day_15/class_demo.py(28)<module>()
-> print(person_object.surname)
(Pdb) n
Smith
> /home/synerzip/Desktop/Practice/Python/Day_15/class_demo.py(29)<module>()
-> print(person_object.fullname())
(Pdb) n
John Smith
--Return--
> /home/synerzip/Desktop/Practice/Python/Day_15/class_demo.py(29)<module>()->None
-> print(person_object.fullname())
(Pdb)
Traceback (most recent call last):
  File "class_demo.py", line 29, in <module>
    print(person_object.fullname())
  File "/usr/lib/python3.5/bdb.py", line 52, in trace_dispatch
    return self.dispatch_return(frame, arg)
  File "/usr/lib/python3.5/bdb.py", line 96, in dispatch_return
    if self.quitting: raise BdbQuit
bdb.BdbQuit
synerzip@ULTP-348:~/Desktop/Practice/Python/Day_15$ python3 class_demo.py
> /home/synerzip/Desktop/Practice/Python/Day_15/class_demo.py(27)<module>()
-> print(person_object.name)
(Pdb) person_object.title
'Mr'
(Pdb) dir(person_object)
['TITLES', '__class__', '__delattr__', '__dict__', '__dir__', '__doc__', '__eq__', '__format__', '__ge__', '__getattribute__', '__gt__', '__hash__', '__init__', '__le__', '__lt__', '__module__', '__ne__', '__new__', '__reduce__', '__reduce_ex__', '__repr__', '__setattr__', '__sizeof__', '__str__', '__subclasshook__', '__weakref__', 'fullname', 'name', 'surname', 'title']
(Pdb) person_object.TITLES
('Dr', 'Mr', 'Mrs', 'Ms')
(Pdb) dir(Person)
['TITLES', '__class__', '__delattr__', '__dict__', '__dir__', '__doc__', '__eq__', '__format__', '__ge__', '__getattribute__', '__gt__', '__hash__', '__init__', '__le__', '__lt__', '__module__', '__ne__', '__new__', '__reduce__', '__reduce_ex__', '__repr__', '__setattr__', '__sizeof__', '__str__', '__subclasshook__', '__weakref__', 'fullname']
(Pdb) Person.TITLES
('Dr', 'Mr', 'Mrs', 'Ms')
(Pdb) Person.fullname()
*** TypeError: fullname() missing 1 required positional argument: 'self'
(Pdb)
Traceback (most recent call last):
  File "class_demo.py", line 27, in <module>
    "Smith"
  File "class_demo.py", line 27, in <module>
    "Smith"
  File "/usr/lib/python3.5/bdb.py", line 48, in trace_dispatch
    return self.dispatch_line(frame)
  File "/usr/lib/python3.5/bdb.py", line 67, in dispatch_line
    if self.quitting: raise BdbQuit
bdb.BdbQuit
synerzip@ULTP-348:~/Desktop/Practice/Python/Day_15$ python3 class_demo.py
> /home/synerzip/Desktop/Practice/Python/Day_15/class_demo.py(31)<module>()
-> print(person_object.name)
(Pdb) Person.allowed_titles_starting_with()
*** TypeError: allowed_titles_starting_with() missing 1 required positional argument: 'startswith'
(Pdb) Person.allowed_titles_starting_with("M")
['Mr', 'Mrs', 'Ms']
(Pdb) dir(person_object)
['TITLES', '__class__', '__delattr__', '__dict__', '__dir__', '__doc__', '__eq__', '__format__', '__ge__', '__getattribute__', '__gt__', '__hash__', '__init__', '__le__', '__lt__', '__module__', '__ne__', '__new__', '__reduce__', '__reduce_ex__', '__repr__', '__setattr__', '__sizeof__', '__str__', '__subclasshook__', '__weakref__', 'allowed_titles_starting_with', 'fullname', 'name', 'surname', 'title']
(Pdb) dir(Person)
['TITLES', '__class__', '__delattr__', '__dict__', '__dir__', '__doc__', '__eq__', '__format__', '__ge__', '__getattribute__', '__gt__', '__hash__', '__init__', '__le__', '__lt__', '__module__', '__ne__', '__new__', '__reduce__', '__reduce_ex__', '__repr__', '__setattr__', '__sizeof__', '__str__', '__subclasshook__', '__weakref__', 'allowed_titles_starting_with', 'fullname']
(Pdb) Person.allowed_titles_starting_with("MM")
[]
(Pdb) Person.allowed_titles_starting_with("M")
['Mr', 'Mrs', 'Ms']
(Pdb)
Traceback (most recent call last):
  File "class_demo.py", line 31, in <module>
    print(person_object.surname)
  File "class_demo.py", line 31, in <module>
    print(person_object.surname)
  File "/usr/lib/python3.5/bdb.py", line 48, in trace_dispatch
    return self.dispatch_line(frame)
  File "/usr/lib/python3.5/bdb.py", line 67, in dispatch_line
    if self.quitting: raise BdbQuit
bdb.BdbQuit
synerzip@ULTP-348:~/Desktop/Practice/Python/Day_15$ python3 class_demo.py
John
Smith
John Smith
> /home/synerzip/Desktop/Practice/Python/Day_15/class_demo.py(35)<module>()
-> print(person_object.allowed_titles_starting_with("M"))
(Pdb) s
--Call--
> /home/synerzip/Desktop/Practice/Python/Day_15/class_demo.py(20)allowed_titles_starting_with()
-> @classmethod
(Pdb) a
cls = <class '__main__.Person'>
startswith = 'M'
(Pdb) n
> /home/synerzip/Desktop/Practice/Python/Day_15/class_demo.py(23)allowed_titles_starting_with()
-> return [title for title in cls.TITLES if title.startswith(startswith)]
(Pdb) n
--Return--
> /home/synerzip/Desktop/Practice/Python/Day_15/class_demo.py(23)allowed_titles_starting_with()->['Mr', 'Mrs', 'Ms']
-> return [title for title in cls.TITLES if title.startswith(startswith)]
(Pdb) n
['Mr', 'Mrs', 'Ms']
> /home/synerzip/Desktop/Practice/Python/Day_15/class_demo.py(36)<module>()
-> print(Person.allowed_titles_starting_with("M"))
(Pdb) dir(Person)
['TITLES', '__class__', '__delattr__', '__dict__', '__dir__', '__doc__', '__eq__', '__format__', '__ge__', '__getattribute__', '__gt__', '__hash__', '__init__', '__le__', '__lt__', '__module__', '__ne__', '__new__', '__reduce__', '__reduce_ex__', '__repr__', '__setattr__', '__sizeof__', '__str__', '__subclasshook__', '__weakref__', 'allowed_titles_starting_with', 'fullname']
(Pdb) a
(Pdb) n
['Mr', 'Mrs', 'Ms']
--Return--
> /home/synerzip/Desktop/Practice/Python/Day_15/class_demo.py(36)<module>()->None
-> print(Person.allowed_titles_starting_with("M"))
(Pdb) s
synerzip@ULTP-348:~/Desktop/Practice/Python/Day_15$ python3 class_demo.py
John
Smith
John Smith
> /home/synerzip/Desktop/Practice/Python/Day_15/class_demo.py(35)<module>()
-> print(person_object.allowed_titles_starting_with("M"))
(Pdb) n
['Mr', 'Mrs', 'Ms']
> /home/synerzip/Desktop/Practice/Python/Day_15/class_demo.py(36)<module>()
-> print(Person.allowed_titles_starting_with("M"))
(Pdb) n
['Mr', 'Mrs', 'Ms']
--Return--
> /home/synerzip/Desktop/Practice/Python/Day_15/class_demo.py(36)<module>()->None
-> print(Person.allowed_titles_starting_with("M"))
(Pdb) n
synerzip@ULTP-348:~/Desktop/Practice/Python/Day_15$ python3 class_demo.py
John
Smith
John Smith
> /home/synerzip/Desktop/Practice/Python/Day_15/class_demo.py(35)<module>()
-> print(person_object.allowed_titles_starting_with("M"))
(Pdb) s
--Call--
> /home/synerzip/Desktop/Practice/Python/Day_15/class_demo.py(20)allowed_titles_starting_with()
-> @classmethod
(Pdb) a
cls = <class '__main__.Person'>
startswith = 'M'
(Pdb)
Traceback (most recent call last):
  File "class_demo.py", line 35, in <module>
    "Smith"
  File "class_demo.py", line 20, in allowed_titles_starting_with
    @classmethod
  File "/usr/lib/python3.5/bdb.py", line 50, in trace_dispatch
    return self.dispatch_call(frame, arg)
  File "/usr/lib/python3.5/bdb.py", line 83, in dispatch_call
    if self.quitting: raise BdbQuit
bdb.BdbQuit
synerzip@ULTP-348:~/Desktop/Practice/Python/Day_15$ python3 class_demo.py
John
Smith
John Smith
['Mr', 'Mrs', 'Ms']
['Mr', 'Mrs', 'Ms']
> /home/synerzip/Desktop/Practice/Python/Day_15/class_demo.py(46)<module>()
-> print(person_object.allowed_titles_ending_with("s"))
(Pdb) s
--Call--
> /home/synerzip/Desktop/Practice/Python/Day_15/class_demo.py(26)allowed_titles_ending_with()
-> @staticmethod
(Pdb) a
endswith = 's'
(Pdb) n
> /home/synerzip/Desktop/Practice/Python/Day_15/class_demo.py(30)allowed_titles_ending_with()
-> return [title for title in Person.TITLES if title.endswith(endswith)]
(Pdb) dir(person_object)
['TITLES', '__class__', '__delattr__', '__dict__', '__dir__', '__doc__', '__eq__', '__format__', '__ge__', '__getattribute__', '__gt__', '__hash__', '__init__', '__le__', '__lt__', '__module__', '__ne__', '__new__', '__reduce__', '__reduce_ex__', '__repr__', '__setattr__', '__sizeof__', '__str__', '__subclasshook__', '__weakref__', '_fullname', 'allowed_titles_ending_with', 'allowed_titles_starting_with', 'fullname', 'name', 'surname', 'title']
(Pdb) --KeyboardInterrupt--
(Pdb)
Traceback (most recent call last):
  File "class_demo.py", line 46, in <module>
    print(person_object.allowed_titles_starting_with("M"))
  File "class_demo.py", line 30, in allowed_titles_ending_with
    # no parameter for class or instance object
  File "class_demo.py", line 30, in allowed_titles_ending_with
    # no parameter for class or instance object
  File "/usr/lib/python3.5/bdb.py", line 48, in trace_dispatch
    return self.dispatch_line(frame)
  File "/usr/lib/python3.5/bdb.py", line 67, in dispatch_line
    if self.quitting: raise BdbQuit
bdb.BdbQuit
synerzip@ULTP-348:~/Desktop/Practice/Python/Day_15$ python3 class_demo.py
John
Smith
> /home/synerzip/Desktop/Practice/Python/Day_15/class_demo.py(44)<module>()
-> print(person_object.fullname)  # no brackets
(Pdb) person_object.fullname
<bound method Person.fullname of <__main__.Person object at 0x7ff2d3bfeeb8>>
(Pdb) s
<bound method Person.fullname of <__main__.Person object at 0x7ff2d3bfeeb8>>
> /home/synerzip/Desktop/Practice/Python/Day_15/class_demo.py(46)<module>()
-> print(person_object.allowed_titles_starting_with("M"))
(Pdb) person_object.fullname
<bound method Person.fullname of <__main__.Person object at 0x7ff2d3bfeeb8>>
(Pdb) n
['Mr', 'Mrs', 'Ms']
> /home/synerzip/Desktop/Practice/Python/Day_15/class_demo.py(47)<module>()
-> print(Person.allowed_titles_starting_with("M"))
(Pdb)
Traceback (most recent call last):
  File "class_demo.py", line 47, in <module>
    print(Person.allowed_titles_starting_with("M"))
  File "class_demo.py", line 47, in <module>
    print(Person.allowed_titles_starting_with("M"))
  File "/usr/lib/python3.5/bdb.py", line 48, in trace_dispatch
    return self.dispatch_line(frame)
  File "/usr/lib/python3.5/bdb.py", line 67, in dispatch_line
    if self.quitting: raise BdbQuit
bdb.BdbQuit
synerzip@ULTP-348:~/Desktop/Practice/Python/Day_15$ python3 class_demo.py
John
Smith
> /home/synerzip/Desktop/Practice/Python/Day_15/class_demo.py(44)<module>()
-> print(person_object.fullname)  # no brackets
(Pdb)
Traceback (most recent call last):
  File "class_demo.py", line 44, in <module>
    import pdb; pdb.set_trace()
  File "class_demo.py", line 44, in <module>
    import pdb; pdb.set_trace()
  File "/usr/lib/python3.5/bdb.py", line 48, in trace_dispatch
    return self.dispatch_line(frame)
  File "/usr/lib/python3.5/bdb.py", line 67, in dispatch_line
    if self.quitting: raise BdbQuit
bdb.BdbQuit
synerzip@ULTP-348:~/Desktop/Practice/Python/Day_15$ python3 class_demo.py
John
Smith
> /home/synerzip/Desktop/Practice/Python/Day_15/class_demo.py(45)<module>()
-> print(person_object.fullname)  # no brackets
(Pdb) person_object.fullname
'John Smith'
(Pdb) person_object.fullname = "Shashank Gaikwad"
*** AttributeError: can't set attribute
(Pdb)
Traceback (most recent call last):
  File "class_demo.py", line 45, in <module>
    return [title for title in Person.TITLES if title.endswith(endswith)]
  File "class_demo.py", line 45, in <module>
    return [title for title in Person.TITLES if title.endswith(endswith)]
  File "/usr/lib/python3.5/bdb.py", line 48, in trace_dispatch
    return self.dispatch_line(frame)
  File "/usr/lib/python3.5/bdb.py", line 67, in dispatch_line
    if self.quitting: raise BdbQuit
bdb.BdbQuit
synerzip@ULTP-348:~/Desktop/Practice/Python/Day_15$ python3 class_demo.py
John
Smith
> /home/synerzip/Desktop/Practice/Python/Day_15/class_demo.py(57)<module>()
-> print(person_object.fullname)  # no brackets
(Pdb) person_object.fullname
'John Smith'
(Pdb) person_object.name
'John'
(Pdb) person_object.surname
'Smith'
(Pdb) person_object.fullname = "Shashank Gaikwad"
*** ValueError: empty separator
(Pdb) person_object.fullname = "Shash Gaik"
*** ValueError: empty separator
(Pdb) dir(person_object)
['TITLES', '__class__', '__delattr__', '__dict__', '__dir__', '__doc__', '__eq__', '__format__', '__ge__', '__getattribute__', '__gt__', '__hash__', '__init__', '__le__', '__lt__', '__module__', '__ne__', '__new__', '__reduce__', '__reduce_ex__', '__repr__', '__setattr__', '__sizeof__', '__str__', '__subclasshook__', '__weakref__', 'allowed_titles_ending_with', 'allowed_titles_starting_with', 'fullname', 'name', 'surname', 'title']
(Pdb) person_object.fullname = "Shashank Gaikwad"
*** ValueError: empty separator
(Pdb) dir(person_object)
['TITLES', '__class__', '__delattr__', '__dict__', '__dir__', '__doc__', '__eq__', '__format__', '__ge__', '__getattribute__', '__gt__', '__hash__', '__init__', '__le__', '__lt__', '__module__', '__ne__', '__new__', '__reduce__', '__reduce_ex__', '__repr__', '__setattr__', '__sizeof__', '__str__', '__subclasshook__', '__weakref__', 'allowed_titles_ending_with', 'allowed_titles_starting_with', 'fullname', 'name', 'surname', 'title']
(Pdb) del person_object.fullname
(Pdb) dir(person_object)
['TITLES', '__class__', '__delattr__', '__dict__', '__dir__', '__doc__', '__eq__', '__format__', '__ge__', '__getattribute__', '__gt__', '__hash__', '__init__', '__le__', '__lt__', '__module__', '__ne__', '__new__', '__reduce__', '__reduce_ex__', '__repr__', '__setattr__', '__sizeof__', '__str__', '__subclasshook__', '__weakref__', 'allowed_titles_ending_with', 'allowed_titles_starting_with', 'fullname', 'title']
(Pdb) person_object
<__main__.Person object at 0x7fa2c1dd2f60>
(Pdb)
Traceback (most recent call last):
  File "class_demo.py", line 57, in <module>
    )
  File "class_demo.py", line 57, in <module>
    )
  File "/usr/lib/python3.5/bdb.py", line 48, in trace_dispatch
    return self.dispatch_line(frame)
  File "/usr/lib/python3.5/bdb.py", line 67, in dispatch_line
    if self.quitting: raise BdbQuit
bdb.BdbQuit
synerzip@ULTP-348:~/Desktop/Practice/Python/Day_15$ python3 class_demo.py
John
Smith
> /home/synerzip/Desktop/Practice/Python/Day_15/class_demo.py(63)<module>()
-> print(person_object.fullname)  # no brackets
(Pdb) person_object
<__main__.Person object at 0x7ff19d347f98>
(Pdb) print(person_object)
Title: Mr, Name: John, Surname Smith
(Pdb)
Traceback (most recent call last):
  File "class_demo.py", line 63, in <module>
    # print(person_object.fullname())
  File "class_demo.py", line 63, in <module>
    # print(person_object.fullname())
  File "/usr/lib/python3.5/bdb.py", line 48, in trace_dispatch
    return self.dispatch_line(frame)
  File "/usr/lib/python3.5/bdb.py", line 67, in dispatch_line
    if self.quitting: raise BdbQuit
bdb.BdbQuit
synerzip@ULTP-348:~/Desktop/Practice/Python/Day_15$ cd ..
synerzip@ULTP-348:~/Desktop/Practice/Python$ cd Day_16
synerzip@ULTP-348:~/Desktop/Practice/Python/Day_16$ pep8 inheritance.py
/home/synerzip/.local/lib/python3.5/site-packages/pep8.py:2124: UserWarning:

pep8 has been renamed to pycodestyle (GitHub issue #466)
Use of the pep8 tool will be removed in a future release.
Please install and use `pycodestyle` instead.

$ pip install pycodestyle
$ pycodestyle ...

  '\n\n'
inheritance.py:9:1: W293 blank line contains whitespace
inheritance.py:14:1: E302 expected 2 blank lines, found 1
inheritance.py:23:1: W293 blank line contains whitespace
synerzip@ULTP-348:~/Desktop/Practice/Python/Day_16$ pep8 inheritance.py
/home/synerzip/.local/lib/python3.5/site-packages/pep8.py:2124: UserWarning:

pep8 has been renamed to pycodestyle (GitHub issue #466)
Use of the pep8 tool will be removed in a future release.
Please install and use `pycodestyle` instead.

$ pip install pycodestyle
$ pycodestyle ...

  '\n\n'
inheritance.py:24:1: W293 blank line contains whitespace
inheritance.py:31:12: W292 no newline at end of file
synerzip@ULTP-348:~/Desktop/Practice/Python/Day_16$ pep8 inheritance.py
/home/synerzip/.local/lib/python3.5/site-packages/pep8.py:2124: UserWarning:

pep8 has been renamed to pycodestyle (GitHub issue #466)
Use of the pep8 tool will be removed in a future release.
Please install and use `pycodestyle` instead.

$ pip install pycodestyle
$ pycodestyle ...

  '\n\n'
synerzip@ULTP-348:~/Desktop/Practice/Python/Day_16$ python3 inheritance.py
> /home/synerzip/Desktop/Practice/Python/Day_16/inheritance.py(29)<module>()
-> peggy = Penguin()
(Pdb) s
--Call--
> /home/synerzip/Desktop/Practice/Python/Day_16/inheritance.py(17)__init__()
-> def __init__(self):
(Pdb) l
 12
 13
 14     # Child class
 15     class Penguin(Bird):
 16
 17  ->     def __init__(self):
 18             # call super() function to pull the content of parent class method
 19             super().__init__()
 20             print("Penguin is ready")
 21
 22         def whoisThis(self):
(Pdb) n
> /home/synerzip/Desktop/Practice/Python/Day_16/inheritance.py(19)__init__()
-> super().__init__()
(Pdb) s
--Call--
> /home/synerzip/Desktop/Practice/Python/Day_16/inheritance.py(4)__init__()
-> def __init__(self):
(Pdb) l
  1     # Parent class
  2     class Bird:
  3
  4  ->     def __init__(self):
  5             print("Bird is ready")
  6
  7         def whoisThis(self):
  8             print("Bird")
  9
 10         def swim(self):
 11             print("Swim faster")
(Pdb) n
> /home/synerzip/Desktop/Practice/Python/Day_16/inheritance.py(5)__init__()
-> print("Bird is ready")
(Pdb) n
Bird is ready
--Return--
> /home/synerzip/Desktop/Practice/Python/Day_16/inheritance.py(5)__init__()->None
-> print("Bird is ready")
(Pdb) n
> /home/synerzip/Desktop/Practice/Python/Day_16/inheritance.py(20)__init__()
-> print("Penguin is ready")
(Pdb) n
Penguin is ready
--Return--
> /home/synerzip/Desktop/Practice/Python/Day_16/inheritance.py(20)__init__()->None
-> print("Penguin is ready")
(Pdb) n
> /home/synerzip/Desktop/Practice/Python/Day_16/inheritance.py(30)<module>()
-> peggy.whoisThis()
(Pdb) s
--Call--
> /home/synerzip/Desktop/Practice/Python/Day_16/inheritance.py(22)whoisThis()
-> def whoisThis(self):
(Pdb) n
> /home/synerzip/Desktop/Practice/Python/Day_16/inheritance.py(23)whoisThis()
-> print("Penguin")
(Pdb) n
Penguin
--Return--
> /home/synerzip/Desktop/Practice/Python/Day_16/inheritance.py(23)whoisThis()->None
-> print("Penguin")
(Pdb) n
> /home/synerzip/Desktop/Practice/Python/Day_16/inheritance.py(31)<module>()
-> peggy.swim()
(Pdb) n
Swim faster
> /home/synerzip/Desktop/Practice/Python/Day_16/inheritance.py(32)<module>()
-> peggy.run()
(Pdb) n
Run faster
--Return--
> /home/synerzip/Desktop/Practice/Python/Day_16/inheritance.py(32)<module>()->None
-> peggy.run()
(Pdb) n
synerzip@ULTP-348:~/Desktop/Practice/Python/Day_16$ python3 encapsulation.py
> /home/synerzip/Desktop/Practice/Python/Day_16/encapsulation.py(12)<module>()
-> c = Computer()
(Pdb) print(c)
*** NameError: name 'c' is not defined
(Pdb) dir(c)
*** NameError: name 'c' is not defined
(Pdb) n
> /home/synerzip/Desktop/Practice/Python/Day_16/encapsulation.py(13)<module>()
-> c.sell()
(Pdb) dir(c)
['_Computer__maxprice', '__class__', '__delattr__', '__dict__', '__dir__', '__doc__', '__eq__', '__format__', '__ge__', '__getattribute__', '__gt__', '__hash__', '__init__', '__le__', '__lt__', '__module__', '__ne__', '__new__', '__reduce__', '__reduce_ex__', '__repr__', '__setattr__', '__sizeof__', '__str__', '__subclasshook__', '__weakref__', 'sell', 'setMaxPrice']
(Pdb) n
Selling price: 900
> /home/synerzip/Desktop/Practice/Python/Day_16/encapsulation.py(16)<module>()
-> c.__maxprice = 100
(Pdb) n
> /home/synerzip/Desktop/Practice/Python/Day_16/encapsulation.py(17)<module>()
-> c.sell()
(Pdb) n
Selling price: 900
> /home/synerzip/Desktop/Practice/Python/Day_16/encapsulation.py(20)<module>()
-> c.setMaxPrice(1000)
(Pdb) n
> /home/synerzip/Desktop/Practice/Python/Day_16/encapsulation.py(21)<module>()
-> c.sell()
(Pdb) n
Selling price: 1000
--Return--
> /home/synerzip/Desktop/Practice/Python/Day_16/encapsulation.py(21)<module>()->None
-> c.sell()
(Pdb)